Defaulted container "lammps" out of: lammps, flux-view (init)
#!/bin/bash
set -euo pipefail
mkdir -p /tmp/output
flux resource list
for i in {1..5}
do
  flux run --setattr=user.study_id=lammps-iter-$i -N4 -n 352 -o cpu-affinity=per-task -o gpu-affinity=off    /usr/bin/lmp -v x 32 -v y 16 -v z 16 -in in.reaxff.hns -nocite |& tee /tmp/lammps.out
done
     STATE NNODES   NCORES    NGPUS NODELIST
      free      4      352        0 lammps-[0-3]
 allocated      0        0        0 
      down      0        0        0 
LAMMPS (17 Apr 2024 - Development - a8687b5)
OMP_NUM_THREADS environment is not set. Defaulting to 1 thread. (src/comm.cpp:98)
  using 1 OpenMP thread(s) per MPI task
Reading data file ...
  triclinic box = (0 0 0) to (22.326 11.1412 13.778966) with tilt (0 -5.02603 0)
  11 by 4 by 8 MPI processor grid
  reading atoms ...
  304 atoms
  reading velocities ...
  304 velocities
  read_data CPU = 0.063 seconds
Replication is creating a 32x16x16 = 8192 times larger system...
  triclinic box = (0 0 0) to (714.432 178.2592 220.46346) with tilt (0 -80.41648 0)
  22 by 4 by 4 MPI processor grid
  bounding box image = (0 -1 -1) to (0 1 1)
  bounding box extra memory = 0.03 MB
  average # of replicas added to proc = 93.32 out of 8192 (1.14%)
  2490368 atoms
  replicate CPU = 0.069 seconds
Neighbor list info ...
  update: every = 20 steps, delay = 0 steps, check = no
  max neighbors/atom: 2000, page size: 100000
  master list distance cutoff = 11
  ghost atom cutoff = 11
  binsize = 5.5, bins = 145 33 41
  2 neighbor lists, perpetual/occasional/extra = 2 0 0
  (1) pair reaxff, perpetual
      attributes: half, newton off, ghost
      pair build: half/bin/ghost/newtoff
      stencil: full/ghost/bin/3d
      bin: standard
  (2) fix qeq/reax, perpetual, copy from (1)
      attributes: half, newton off
      pair build: copy
      stencil: none
      bin: none
Setting up Verlet run ...
  Unit style    : real
  Current step  : 0
  Time step     : 0.1
Per MPI rank memory allocation (min/avg/max) = 422.8 | 425 | 427.8 Mbytes
   Step          Temp          PotEng         Press          E_vdwl         E_coul         Volume    
         0   300           -113.27833      439.019       -111.57687     -1.7014647      28076920     
        10   300.80942     -113.28057      771.84454     -111.57914     -1.7014344      28076920     
        20   302.48468     -113.28543      1617.8995     -111.5841      -1.7013225      28076920     
        30   302.59604     -113.28563      4192.6706     -111.58454     -1.7010941      28076920     
        40   300.62527     -113.27968      6255.5444     -111.57892     -1.7007682      28076920     
        50   297.47083     -113.27023      6362.8029     -111.56983     -1.700403       28076920     
        60   294.82187     -113.26229      6159.6187     -111.56225     -1.7000342      28076920     
        70   294.73873     -113.262        6821.3995     -111.56234     -1.6996611      28076920     
        80   297.7812      -113.27105      8243.841      -111.57176     -1.699289       28076920     
        90   301.63837     -113.28255      9412.3145     -111.58359     -1.6989588      28076920     
       100   302.57931     -113.2853       10403.961     -111.58658     -1.698722       28076920     
Loop time of 62.4768 on 352 procs for 100 steps with 2490368 atoms

Performance: 0.014 ns/day, 1735.466 hours/ns, 1.601 timesteps/s, 3.986 Matom-step/s
89.8% CPU use with 352 MPI tasks x 1 OpenMP threads

MPI task timing breakdown:
Section |  min time  |  avg time  |  max time  |%varavg| %total
---------------------------------------------------------------
Pair    | 36.657     | 39.756     | 42.332     |  17.9 | 63.63
Neigh   | 0.54694    | 0.55489    | 0.58497    |   0.8 |  0.89
Comm    | 0.27961    | 2.7928     | 5.874      |  68.6 |  4.47
Output  | 0.045887   | 0.059321   | 0.087444   |   4.9 |  0.09
Modify  | 19.035     | 19.309     | 19.605     |   4.3 | 30.91
Other   |            | 0.004723   |            |       |  0.01

Nlocal:        7074.91 ave        7184 max        6983 min
Histogram: 16 31 62 32 103 42 2 0 33 31
Nghost:        18261.8 ave       18465 max       18032 min
Histogram: 32 10 23 31 32 96 64 0 24 40
Neighs:    2.21523e+06 ave 2.24454e+06 max 2.19114e+06 min
Histogram: 9 29 66 98 42 16 28 0 33 31

Total # of neighbors = 7.7976144e+08
Ave neighs/atom = 313.11093
Neighbor list builds = 5
Dangerous builds not checked
Total wall time: 0:01:04
LAMMPS (17 Apr 2024 - Development - a8687b5)
OMP_NUM_THREADS environment is not set. Defaulting to 1 thread. (src/comm.cpp:98)
  using 1 OpenMP thread(s) per MPI task
Reading data file ...
  triclinic box = (0 0 0) to (22.326 11.1412 13.778966) with tilt (0 -5.02603 0)
  11 by 4 by 8 MPI processor grid
  reading atoms ...
  304 atoms
  reading velocities ...
  304 velocities
  read_data CPU = 0.062 seconds
Replication is creating a 32x16x16 = 8192 times larger system...
  triclinic box = (0 0 0) to (714.432 178.2592 220.46346) with tilt (0 -80.41648 0)
  22 by 4 by 4 MPI processor grid
  bounding box image = (0 -1 -1) to (0 1 1)
  bounding box extra memory = 0.03 MB
  average # of replicas added to proc = 93.32 out of 8192 (1.14%)
  2490368 atoms
  replicate CPU = 0.064 seconds
Neighbor list info ...
  update: every = 20 steps, delay = 0 steps, check = no
  max neighbors/atom: 2000, page size: 100000
  master list distance cutoff = 11
  ghost atom cutoff = 11
  binsize = 5.5, bins = 145 33 41
  2 neighbor lists, perpetual/occasional/extra = 2 0 0
  (1) pair reaxff, perpetual
      attributes: half, newton off, ghost
      pair build: half/bin/ghost/newtoff
      stencil: full/ghost/bin/3d
      bin: standard
  (2) fix qeq/reax, perpetual, copy from (1)
      attributes: half, newton off
      pair build: copy
      stencil: none
      bin: none
Setting up Verlet run ...
  Unit style    : real
  Current step  : 0
  Time step     : 0.1
Per MPI rank memory allocation (min/avg/max) = 422.8 | 425 | 427.8 Mbytes
   Step          Temp          PotEng         Press          E_vdwl         E_coul         Volume    
         0   300           -113.27833      439.019       -111.57687     -1.7014647      28076920     
        10   300.80942     -113.28057      771.84454     -111.57914     -1.7014344      28076920     
        20   302.48468     -113.28543      1617.8995     -111.5841      -1.7013225      28076920     
        30   302.59604     -113.28563      4192.6706     -111.58454     -1.7010941      28076920     
        40   300.62527     -113.27968      6255.5444     -111.57892     -1.7007682      28076920     
        50   297.47083     -113.27023      6362.8029     -111.56983     -1.700403       28076920     
        60   294.82187     -113.26229      6159.6187     -111.56225     -1.7000342      28076920     
        70   294.73873     -113.262        6821.3995     -111.56234     -1.6996611      28076920     
        80   297.7812      -113.27105      8243.841      -111.57176     -1.699289       28076920     
        90   301.63837     -113.28255      9412.3145     -111.58359     -1.6989588      28076920     
       100   302.57931     -113.2853       10403.961     -111.58658     -1.698722       28076920     
Loop time of 62.7544 on 352 procs for 100 steps with 2490368 atoms

Performance: 0.014 ns/day, 1743.179 hours/ns, 1.594 timesteps/s, 3.968 Matom-step/s
89.4% CPU use with 352 MPI tasks x 1 OpenMP threads

MPI task timing breakdown:
Section |  min time  |  avg time  |  max time  |%varavg| %total
---------------------------------------------------------------
Pair    | 36.661     | 39.762     | 42.86      |  18.2 | 63.36
Neigh   | 0.54698    | 0.55425    | 0.57859    |   0.7 |  0.88
Comm    | 0.30838    | 3.0184     | 6.3035     |  67.9 |  4.81
Output  | 0.047252   | 0.24282    | 0.33908    |  21.6 |  0.39
Modify  | 18.869     | 19.172     | 19.488     |   4.7 | 30.55
Other   |            | 0.004842   |            |       |  0.01

Nlocal:        7074.91 ave        7184 max        6983 min
Histogram: 16 31 62 32 103 42 2 0 33 31
Nghost:        18261.8 ave       18465 max       18032 min
Histogram: 32 10 23 31 32 96 64 0 24 40
Neighs:    2.21523e+06 ave 2.24454e+06 max 2.19114e+06 min
Histogram: 9 29 66 98 42 16 28 0 33 31

Total # of neighbors = 7.7976144e+08
Ave neighs/atom = 313.11093
Neighbor list builds = 5
Dangerous builds not checked
Total wall time: 0:01:04
LAMMPS (17 Apr 2024 - Development - a8687b5)
OMP_NUM_THREADS environment is not set. Defaulting to 1 thread. (src/comm.cpp:98)
  using 1 OpenMP thread(s) per MPI task
Reading data file ...
  triclinic box = (0 0 0) to (22.326 11.1412 13.778966) with tilt (0 -5.02603 0)
  11 by 4 by 8 MPI processor grid
  reading atoms ...
  304 atoms
  reading velocities ...
  304 velocities
  read_data CPU = 0.066 seconds
Replication is creating a 32x16x16 = 8192 times larger system...
  triclinic box = (0 0 0) to (714.432 178.2592 220.46346) with tilt (0 -80.41648 0)
  22 by 4 by 4 MPI processor grid
  bounding box image = (0 -1 -1) to (0 1 1)
  bounding box extra memory = 0.03 MB
  average # of replicas added to proc = 93.32 out of 8192 (1.14%)
  2490368 atoms
  replicate CPU = 0.060 seconds
Neighbor list info ...
  update: every = 20 steps, delay = 0 steps, check = no
  max neighbors/atom: 2000, page size: 100000
  master list distance cutoff = 11
  ghost atom cutoff = 11
  binsize = 5.5, bins = 145 33 41
  2 neighbor lists, perpetual/occasional/extra = 2 0 0
  (1) pair reaxff, perpetual
      attributes: half, newton off, ghost
      pair build: half/bin/ghost/newtoff
      stencil: full/ghost/bin/3d
      bin: standard
  (2) fix qeq/reax, perpetual, copy from (1)
      attributes: half, newton off
      pair build: copy
      stencil: none
      bin: none
Setting up Verlet run ...
  Unit style    : real
  Current step  : 0
  Time step     : 0.1
Per MPI rank memory allocation (min/avg/max) = 422.8 | 425 | 427.8 Mbytes
   Step          Temp          PotEng         Press          E_vdwl         E_coul         Volume    
         0   300           -113.27833      439.019       -111.57687     -1.7014647      28076920     
        10   300.80942     -113.28057      771.84454     -111.57914     -1.7014344      28076920     
        20   302.48468     -113.28543      1617.8995     -111.5841      -1.7013225      28076920     
        30   302.59604     -113.28563      4192.6706     -111.58454     -1.7010941      28076920     
        40   300.62527     -113.27968      6255.5444     -111.57892     -1.7007682      28076920     
        50   297.47083     -113.27023      6362.8029     -111.56983     -1.700403       28076920     
        60   294.82187     -113.26229      6159.6187     -111.56225     -1.7000342      28076920     
        70   294.73873     -113.262        6821.3995     -111.56234     -1.6996611      28076920     
        80   297.7812      -113.27105      8243.841      -111.57176     -1.699289       28076920     
        90   301.63837     -113.28255      9412.3145     -111.58359     -1.6989588      28076920     
       100   302.57931     -113.2853       10403.961     -111.58658     -1.698722       28076920     
Loop time of 69.321 on 352 procs for 100 steps with 2490368 atoms

Performance: 0.012 ns/day, 1925.583 hours/ns, 1.443 timesteps/s, 3.593 Matom-step/s
83.4% CPU use with 352 MPI tasks x 1 OpenMP threads

MPI task timing breakdown:
Section |  min time  |  avg time  |  max time  |%varavg| %total
---------------------------------------------------------------
Pair    | 36.692     | 39.779     | 49.635     |  19.8 | 57.38
Neigh   | 0.5463     | 0.55359    | 0.57488    |   0.6 |  0.80
Comm    | 0.079604   | 5.6031     | 12.875     | 150.1 |  8.08
Output  | 0.0080999  | 0.57357    | 0.76822    |  40.5 |  0.83
Modify  | 19.028     | 22.807     | 25.78      |  65.7 | 32.90
Other   |            | 0.004888   |            |       |  0.01

Nlocal:        7074.91 ave        7184 max        6983 min
Histogram: 16 31 62 32 103 42 2 0 33 31
Nghost:        18261.8 ave       18465 max       18032 min
Histogram: 32 10 23 31 32 96 64 0 24 40
Neighs:    2.21523e+06 ave 2.24454e+06 max 2.19114e+06 min
Histogram: 9 29 66 98 42 16 28 0 33 31

Total # of neighbors = 7.7976144e+08
Ave neighs/atom = 313.11093
Neighbor list builds = 5
Dangerous builds not checked
Total wall time: 0:01:10
LAMMPS (17 Apr 2024 - Development - a8687b5)
OMP_NUM_THREADS environment is not set. Defaulting to 1 thread. (src/comm.cpp:98)
  using 1 OpenMP thread(s) per MPI task
Reading data file ...
  triclinic box = (0 0 0) to (22.326 11.1412 13.778966) with tilt (0 -5.02603 0)
  11 by 4 by 8 MPI processor grid
  reading atoms ...
  304 atoms
  reading velocities ...
  304 velocities
  read_data CPU = 0.072 seconds
Replication is creating a 32x16x16 = 8192 times larger system...
  triclinic box = (0 0 0) to (714.432 178.2592 220.46346) with tilt (0 -80.41648 0)
  22 by 4 by 4 MPI processor grid
  bounding box image = (0 -1 -1) to (0 1 1)
  bounding box extra memory = 0.03 MB
  average # of replicas added to proc = 93.32 out of 8192 (1.14%)
  2490368 atoms
  replicate CPU = 0.063 seconds
Neighbor list info ...
  update: every = 20 steps, delay = 0 steps, check = no
  max neighbors/atom: 2000, page size: 100000
  master list distance cutoff = 11
  ghost atom cutoff = 11
  binsize = 5.5, bins = 145 33 41
  2 neighbor lists, perpetual/occasional/extra = 2 0 0
  (1) pair reaxff, perpetual
      attributes: half, newton off, ghost
      pair build: half/bin/ghost/newtoff
      stencil: full/ghost/bin/3d
      bin: standard
  (2) fix qeq/reax, perpetual, copy from (1)
      attributes: half, newton off
      pair build: copy
      stencil: none
      bin: none
Setting up Verlet run ...
  Unit style    : real
  Current step  : 0
  Time step     : 0.1
Per MPI rank memory allocation (min/avg/max) = 422.8 | 425 | 427.8 Mbytes
   Step          Temp          PotEng         Press          E_vdwl         E_coul         Volume    
         0   300           -113.27833      439.019       -111.57687     -1.7014647      28076920     
        10   300.80942     -113.28057      771.84454     -111.57914     -1.7014344      28076920     
        20   302.48468     -113.28543      1617.8995     -111.5841      -1.7013225      28076920     
        30   302.59604     -113.28563      4192.6706     -111.58454     -1.7010941      28076920     
        40   300.62527     -113.27968      6255.5444     -111.57892     -1.7007682      28076920     
        50   297.47083     -113.27023      6362.8029     -111.56983     -1.700403       28076920     
        60   294.82187     -113.26229      6159.6187     -111.56225     -1.7000342      28076920     
        70   294.73873     -113.262        6821.3995     -111.56234     -1.6996611      28076920     
        80   297.7812      -113.27105      8243.841      -111.57176     -1.699289       28076920     
        90   301.63837     -113.28255      9412.3145     -111.58359     -1.6989588      28076920     
       100   302.57931     -113.2853       10403.961     -111.58658     -1.698722       28076920     
Loop time of 62.9413 on 352 procs for 100 steps with 2490368 atoms

Performance: 0.014 ns/day, 1748.369 hours/ns, 1.589 timesteps/s, 3.957 Matom-step/s
89.2% CPU use with 352 MPI tasks x 1 OpenMP threads

MPI task timing breakdown:
Section |  min time  |  avg time  |  max time  |%varavg| %total
---------------------------------------------------------------
Pair    | 36.707     | 39.75      | 42.343     |  17.9 | 63.15
Neigh   | 0.54645    | 0.55387    | 0.57407    |   0.7 |  0.88
Comm    | 0.24932    | 2.8121     | 6.0209     |  69.9 |  4.47
Output  | 0.053465   | 0.074086   | 0.10153    |   5.4 |  0.12
Modify  | 19.339     | 19.746     | 20.12      |   7.0 | 31.37
Other   |            | 0.004778   |            |       |  0.01

Nlocal:        7074.91 ave        7184 max        6983 min
Histogram: 16 31 62 32 103 42 2 0 33 31
Nghost:        18261.8 ave       18465 max       18032 min
Histogram: 32 10 23 31 32 96 64 0 24 40
Neighs:    2.21523e+06 ave 2.24454e+06 max 2.19114e+06 min
Histogram: 9 29 66 98 42 16 28 0 33 31

Total # of neighbors = 7.7976144e+08
Ave neighs/atom = 313.11093
Neighbor list builds = 5
Dangerous builds not checked
Total wall time: 0:01:04
LAMMPS (17 Apr 2024 - Development - a8687b5)
OMP_NUM_THREADS environment is not set. Defaulting to 1 thread. (src/comm.cpp:98)
  using 1 OpenMP thread(s) per MPI task
Reading data file ...
  triclinic box = (0 0 0) to (22.326 11.1412 13.778966) with tilt (0 -5.02603 0)
  11 by 4 by 8 MPI processor grid
  reading atoms ...
  304 atoms
  reading velocities ...
  304 velocities
  read_data CPU = 0.063 seconds
Replication is creating a 32x16x16 = 8192 times larger system...
  triclinic box = (0 0 0) to (714.432 178.2592 220.46346) with tilt (0 -80.41648 0)
  22 by 4 by 4 MPI processor grid
  bounding box image = (0 -1 -1) to (0 1 1)
  bounding box extra memory = 0.03 MB
  average # of replicas added to proc = 93.32 out of 8192 (1.14%)
  2490368 atoms
  replicate CPU = 0.066 seconds
Neighbor list info ...
  update: every = 20 steps, delay = 0 steps, check = no
  max neighbors/atom: 2000, page size: 100000
  master list distance cutoff = 11
  ghost atom cutoff = 11
  binsize = 5.5, bins = 145 33 41
  2 neighbor lists, perpetual/occasional/extra = 2 0 0
  (1) pair reaxff, perpetual
      attributes: half, newton off, ghost
      pair build: half/bin/ghost/newtoff
      stencil: full/ghost/bin/3d
      bin: standard
  (2) fix qeq/reax, perpetual, copy from (1)
      attributes: half, newton off
      pair build: copy
      stencil: none
      bin: none
Setting up Verlet run ...
  Unit style    : real
  Current step  : 0
  Time step     : 0.1
Per MPI rank memory allocation (min/avg/max) = 422.8 | 425 | 427.8 Mbytes
   Step          Temp          PotEng         Press          E_vdwl         E_coul         Volume    
         0   300           -113.27833      439.019       -111.57687     -1.7014647      28076920     
        10   300.80942     -113.28057      771.84454     -111.57914     -1.7014344      28076920     
        20   302.48468     -113.28543      1617.8995     -111.5841      -1.7013225      28076920     
        30   302.59604     -113.28563      4192.6706     -111.58454     -1.7010941      28076920     
        40   300.62527     -113.27968      6255.5444     -111.57892     -1.7007682      28076920     
        50   297.47083     -113.27023      6362.8029     -111.56983     -1.700403       28076920     
        60   294.82187     -113.26229      6159.6187     -111.56225     -1.7000342      28076920     
        70   294.73873     -113.262        6821.3995     -111.56234     -1.6996611      28076920     
        80   297.7812      -113.27105      8243.841      -111.57176     -1.699289       28076920     
        90   301.63837     -113.28255      9412.3145     -111.58359     -1.6989588      28076920     
       100   302.57931     -113.2853       10403.961     -111.58658     -1.698722       28076920     
Loop time of 62.4143 on 352 procs for 100 steps with 2490368 atoms

Performance: 0.014 ns/day, 1733.730 hours/ns, 1.602 timesteps/s, 3.990 Matom-step/s
89.8% CPU use with 352 MPI tasks x 1 OpenMP threads

MPI task timing breakdown:
Section |  min time  |  avg time  |  max time  |%varavg| %total
---------------------------------------------------------------
Pair    | 36.706     | 39.755     | 42.307     |  17.9 | 63.70
Neigh   | 0.54708    | 0.5539     | 0.57836    |   0.6 |  0.89
Comm    | 0.23991    | 2.7539     | 5.8015     |  68.8 |  4.41
Output  | 0.021948   | 0.083101   | 0.12276    |  11.9 |  0.13
Modify  | 19.091     | 19.263     | 19.443     |   2.4 | 30.86
Other   |            | 0.004746   |            |       |  0.01

Nlocal:        7074.91 ave        7184 max        6983 min
Histogram: 16 31 62 32 103 42 2 0 33 31
Nghost:        18261.8 ave       18465 max       18032 min
Histogram: 32 10 23 31 32 96 64 0 24 40
Neighs:    2.21523e+06 ave 2.24454e+06 max 2.19114e+06 min
Histogram: 9 29 66 98 42 16 28 0 33 31

Total # of neighbors = 7.7976144e+08
Ave neighs/atom = 313.11093
Neighbor list builds = 5
Dangerous builds not checked
Total wall time: 0:01:04
LAMMPS (17 Apr 2024 - Development - a8687b5)
OMP_NUM_THREADS environment is not set. Defaulting to 1 thread. (src/comm.cpp:98)
  using 1 OpenMP thread(s) per MPI task
Reading data file ...
  triclinic box = (0 0 0) to (22.326 11.1412 13.778966) with tilt (0 -5.02603 0)
  11 by 4 by 8 MPI processor grid
  reading atoms ...
  304 atoms
  reading velocities ...
  304 velocities
  read_data CPU = 0.063 seconds
Replication is creating a 32x16x16 = 8192 times larger system...
  triclinic box = (0 0 0) to (714.432 178.2592 220.46346) with tilt (0 -80.41648 0)
  22 by 4 by 4 MPI processor grid
  bounding box image = (0 -1 -1) to (0 1 1)
  bounding box extra memory = 0.03 MB
  average # of replicas added to proc = 93.32 out of 8192 (1.14%)
  2490368 atoms
  replicate CPU = 0.066 seconds
Neighbor list info ...
  update: every = 20 steps, delay = 0 steps, check = no
  max neighbors/atom: 2000, page size: 100000
  master list distance cutoff = 11
  ghost atom cutoff = 11
  binsize = 5.5, bins = 145 33 41
  2 neighbor lists, perpetual/occasional/extra = 2 0 0
  (1) pair reaxff, perpetual
      attributes: half, newton off, ghost
      pair build: half/bin/ghost/newtoff
      stencil: full/ghost/bin/3d
      bin: standard
  (2) fix qeq/reax, perpetual, copy from (1)
      attributes: half, newton off
      pair build: copy
      stencil: none
      bin: none
Setting up Verlet run ...
  Unit style    : real
  Current step  : 0
  Time step     : 0.1
Per MPI rank memory allocation (min/avg/max) = 422.8 | 425 | 427.8 Mbytes
   Step          Temp          PotEng         Press          E_vdwl         E_coul         Volume    
         0   300           -113.27833      439.019       -111.57687     -1.7014647      28076920     
        10   300.80942     -113.28057      771.84454     -111.57914     -1.7014344      28076920     
        20   302.48468     -113.28543      1617.8995     -111.5841      -1.7013225      28076920     
        30   302.59604     -113.28563      4192.6706     -111.58454     -1.7010941      28076920     
        40   300.62527     -113.27968      6255.5444     -111.57892     -1.7007682      28076920     
        50   297.47083     -113.27023      6362.8029     -111.56983     -1.700403       28076920     
        60   294.82187     -113.26229      6159.6187     -111.56225     -1.7000342      28076920     
        70   294.73873     -113.262        6821.3995     -111.56234     -1.6996611      28076920     
        80   297.7812      -113.27105      8243.841      -111.57176     -1.699289       28076920     
        90   301.63837     -113.28255      9412.3145     -111.58359     -1.6989588      28076920     
       100   302.57931     -113.2853       10403.961     -111.58658     -1.698722       28076920     
Loop time of 62.4143 on 352 procs for 100 steps with 2490368 atoms

Performance: 0.014 ns/day, 1733.730 hours/ns, 1.602 timesteps/s, 3.990 Matom-step/s
89.8% CPU use with 352 MPI tasks x 1 OpenMP threads

MPI task timing breakdown:
Section |  min time  |  avg time  |  max time  |%varavg| %total
---------------------------------------------------------------
Pair    | 36.706     | 39.755     | 42.307     |  17.9 | 63.70
Neigh   | 0.54708    | 0.5539     | 0.57836    |   0.6 |  0.89
Comm    | 0.23991    | 2.7539     | 5.8015     |  68.8 |  4.41
Output  | 0.021948   | 0.083101   | 0.12276    |  11.9 |  0.13
Modify  | 19.091     | 19.263     | 19.443     |   2.4 | 30.86
Other   |            | 0.004746   |            |       |  0.01

Nlocal:        7074.91 ave        7184 max        6983 min
Histogram: 16 31 62 32 103 42 2 0 33 31
Nghost:        18261.8 ave       18465 max       18032 min
Histogram: 32 10 23 31 32 96 64 0 24 40
Neighs:    2.21523e+06 ave 2.24454e+06 max 2.19114e+06 min
Histogram: 9 29 66 98 42 16 28 0 33 31

Total # of neighbors = 7.7976144e+08
Ave neighs/atom = 313.11093
Neighbor list builds = 5
Dangerous builds not checked
Total wall time: 0:01:04
